// Jest Snapshot v1, https://goo.gl/fbAQLP

exports[`Pages - Favorite should render Favorite page correctly 1`] = `
<DocumentFragment>
  .c0 {
  position: fixed;
  top: 0;
  left: 0;
  width: 100%;
  height: 3rem;
  display: -webkit-box;
  display: -webkit-flex;
  display: -ms-flexbox;
  display: flex;
  -webkit-flex-direction: row;
  -ms-flex-direction: row;
  flex-direction: row;
  -webkit-align-items: center;
  -webkit-box-align: center;
  -ms-flex-align: center;
  align-items: center;
  -webkit-box-pack: justify;
  -webkit-justify-content: space-between;
  -ms-flex-pack: justify;
  justify-content: space-between;
  border-bottom: 1px solid #eaeaea;
}

.c2 {
  width: 30px;
  height: 30px;
  margin: 5px;
}

.c1 {
  display: -webkit-box;
  display: -webkit-flex;
  display: -ms-flexbox;
  display: flex;
  -webkit-flex-direction: row;
  -ms-flex-direction: row;
  flex-direction: row;
  -webkit-align-items: center;
  -webkit-box-align: center;
  -ms-flex-align: center;
  align-items: center;
  -webkit-box-pack: start;
  -webkit-justify-content: flex-start;
  -ms-flex-pack: start;
  justify-content: flex-start;
  cursor: pointer;
  -webkit-box-flex: 1;
  -webkit-flex-grow: 1;
  -ms-flex-positive: 1;
  flex-grow: 1;
}

.c3 {
  font-size: 1.3rem;
  margin: 0;
}

.c4 {
  -webkit-box-flex: 1;
  -webkit-flex-grow: 1;
  -ms-flex-positive: 1;
  flex-grow: 1;
}

.c5 {
  -webkit-box-flex: 1;
  -webkit-flex-grow: 1;
  -ms-flex-positive: 1;
  flex-grow: 1;
  margin-right: 5px;
  display: -webkit-box;
  display: -webkit-flex;
  display: -ms-flexbox;
  display: flex;
  -webkit-box-pack: end;
  -webkit-justify-content: flex-end;
  -ms-flex-pack: end;
  justify-content: flex-end;
  -webkit-align-items: center;
  -webkit-box-align: center;
  -ms-flex-align: center;
  align-items: center;
}

.c6 {
  margin-right: 8px;
}

.c7 {
  display: none;
}

.c7,
.c7:before,
.c7:after {
  -webkit-transition: all 250ms ease-in;
  transition: all 250ms ease-in;
}

.c7:before,
.c7:after {
  content: '';
  display: block;
}

.c8 {
  display: block;
  margin: 0 auto;
  font-size: 1.4em;
  -webkit-transition: all 350ms ease-in;
  transition: all 350ms ease-in;
  position: relative;
  height: 40px;
  width: 90px;
  border-radius: 40px;
  background-color: #9ee3fb;
  border: 4px solid #86c3d7;
}

.c8:hover {
  cursor: pointer;
}

.c8,
.c8:before,
.c8:after {
  -webkit-transition: all 250ms ease-in;
  transition: all 250ms ease-in;
}

.c8:before,
.c8:after {
  content: '';
  display: block;
}

.c8:before {
  position: absolute;
  top: 2px;
  left: 4px;
  width: 26px;
  height: 26px;
  border-radius: 50%;
}

.c8:after {
  position: absolute;
  top: 62%;
  left: 36px;
  z-index: 10;
  width: 5.2px;
  height: 5.2px;
  opacity: 0;
  background-color: #fff;
  border-radius: 50%;
  box-shadow: #fff 0 0,#fff 3px 0,#fff 6px 0, #fff 9px 0,#fff 11px 0,#fff 14px 0, #fff 16px 0,#fff 21px -1px 0 1px, #fff 16px -7px 0 -2px,#fff 7px -7px 0 1px, #d3d3d3 0 0 0 4px,#d3d3d3 6px 0 0 4px, #d3d3d3 11px 0 0 4px,#d3d3d3 16px 0 0 4px, #d3d3d3 21px -1px 0 5px,#d3d3d3 16px -7px 0 1px, #d3d3d3 7px -7px 0 5px;
  -webkit-transition: opacity 100ms ease-in;
  transition: opacity 100ms ease-in;
}

.c8:before {
  left: 52px;
  background-color: #ffdf6d;
  border: 4px solid #e1c348;
}

.c8:after {
  opacity: 100;
  -webkit-animation-name: bounceIn;
  animation-name: bounceIn;
  -webkit-animation-duration: 0.6s;
  animation-duration: 0.6s;
  -webkit-animation-delay: 0.1s;
  animation-delay: 0.1s;
  -webkit-animation-fill-mode: backwards;
  animation-fill-mode: backwards;
  -webkit-animation-timing-function: ease-in-out;
  animation-timing-function: ease-in-out;
}

.c9 {
  display: block;
  position: absolute;
  top: 9px;
  left: 52.5%;
  z-index: 20;
  width: 4px;
  height: 4px;
  border-radius: 50%;
  background-color: #fff;
  opacity: 0;
  box-shadow: rgba(255,255,255,0.1) 20px -3px 0 -4px, rgba(255,255,255,0.1) 2px 0px 0 -5px,#fff 28px 8px 0 -3px, rgba(255,255,255,0.1) 22px 24px 0 -4px,#fff 10px 14px 0 -5.5px, rgba(255,255,255,0.1) 2px 28px 0 -3px;
  -webkit-animation: none;
  animation: none;
}

.c9,
.c9:before,
.c9:after {
  -webkit-transition: all 250ms ease-in;
  transition: all 250ms ease-in;
}

.c9:before,
.c9:after {
  content: '';
  display: block;
}

.c9:before {
  left: 25px;
  -webkit-transform: rotate(70deg);
  -ms-transform: rotate(70deg);
  transform: rotate(70deg);
}

.c10 {
  border-radius: 50%;
  height: 40px;
  width: 40px;
  display: -webkit-box;
  display: -webkit-flex;
  display: -ms-flexbox;
  display: flex;
  -webkit-box-pack: center;
  -webkit-justify-content: center;
  -ms-flex-pack: center;
  justify-content: center;
  -webkit-align-items: center;
  -webkit-box-align: center;
  -ms-flex-align: center;
  align-items: center;
  cursor: pointer;
}

.c11 {
  display: inline-block;
  color: #fff;
  width: 1.5rem;
  height: 1.5rem;
  fill: #fff;
  font-size: 1.5rem;
  -webkit-user-select: none;
  -moz-user-select: none;
  -ms-user-select: none;
  user-select: none;
  -webkit-flex-shrink: 0;
  -ms-flex-negative: 0;
  flex-shrink: 0;
}

<nav
    class="c0"
  >
    <div
      aria-label="logo-container"
      class="c1"
    >
      <img
        alt="logo"
        class="c2"
        src="wizeline-logo.png"
      />
      <h2
        class="c3"
      >
        Wizevideo
      </h2>
    </div>
    <div
      class="c4"
    />
    <div
      class="c5"
    >
      <div
        class="c6"
      >
        <input
          class="c7"
          id="toggle-theme"
          type="checkbox"
        />
        <label
          class="c8"
          for="toggle-theme"
        >
          <span
            class="c9"
          />
        </label>
      </div>
      <a
        class=""
        href="/login"
      >
        <div
          class="c10"
        >
          <svg
            class="c11"
            color="white"
            focusable="false"
            viewBox="0 0 24 24"
          >
            <path
              d="M0 0h24v24H0V0z"
              fill="none"
            />
            <path
              d="M0 0h24v24H0V0z"
              fill="none"
            />
            <circle
              cx="15.5"
              cy="9.5"
              r="1.5"
            />
            <circle
              cx="8.5"
              cy="9.5"
              r="1.5"
            />
            <circle
              cx="15.5"
              cy="9.5"
              r="1.5"
            />
            <circle
              cx="8.5"
              cy="9.5"
              r="1.5"
            />
            <path
              d="M11.99 2C6.47 2 2 6.48 2 12s4.47 10 9.99 10C17.52 22 22 17.52 22 12S17.52 2 11.99 2zM12 20c-4.42 0-8-3.58-8-8s3.58-8 8-8 8 3.58 8 8-3.58 8-8 8zm0-2.5c2.33 0 4.32-1.45 5.12-3.5h-1.67c-.69 1.19-1.97 2-3.45 2s-2.75-.81-3.45-2H6.88c.8 2.05 2.79 3.5 5.12 3.5z"
            />
          </svg>
        </div>
      </a>
    </div>
  </nav>
  .c0 {
  position: fixed;
  top: 3rem;
  left: 0;
  width: 100%;
  height: calc(100vh - 54px);
  overflow-y: auto;
  padding: 20px 35px;
  display: -webkit-box;
  display: -webkit-flex;
  display: -ms-flexbox;
  display: flex;
  -webkit-flex-wrap: wrap;
  -ms-flex-wrap: wrap;
  flex-wrap: wrap;
  -webkit-box-pack: space-around;
  -webkit-justify-content: space-around;
  -ms-flex-pack: space-around;
  justify-content: space-around;
  -webkit-align-items: center;
  -webkit-box-align: center;
  -ms-flex-align: center;
  align-items: center;
}

.c1 {
  font-size: 20px;
}

<main
    class="c0"
  >
    <strong
      class="c1"
    >
      No fav videos
    </strong>
  </main>
</DocumentFragment>
`;
