// Jest Snapshot v1, https://goo.gl/fbAQLP

exports[`Avatar should render correctly inside button 1`] = `
<DocumentFragment>
  .c0 {
  border-radius: 20px;
  border: 0;
  outline: 0;
  padding: 0;
  margin: 8px 5px;
  background-color: transparent;
  cursor: pointer;
  width: 345px;
  height: 245px;
  position: relative;
}

.c1 {
  width: 100%;
  height: 100%;
  object-fit: cover;
  border-radius: 20px;
}

.c2 {
  width: 100%;
  height: 100px;
  position: absolute;
  left: 0;
  bottom: 0;
  border-radius: 0 0 20px 20px;
  background: linear-gradient( 180deg, rgba(252,254,255,0) 15%, rgba(41,46,50,0.8) 70% );
  padding: 10px 16px;
  display: -webkit-box;
  display: -webkit-flex;
  display: -ms-flexbox;
  display: flex;
  -webkit-flex-direction: column;
  -ms-flex-direction: column;
  flex-direction: column;
  -webkit-box-pack: start;
  -webkit-justify-content: flex-start;
  -ms-flex-pack: start;
  justify-content: flex-start;
  -webkit-align-items: flex-start;
  -webkit-box-align: flex-start;
  -ms-flex-align: flex-start;
  align-items: flex-start;
}

.c3 {
  font-size: 0.875rem;
  text-align: left;
  color: #fff;
}

.c4 {
  font-size: 0.75rem;
  text-align: left;
  color: #fff;
  width: 100%;
  white-space: nowrap;
  overflow: hidden;
  text-overflow: ellipsis;
}

.c5 {
  position: absolute;
  right: 10px;
  top: 10px;
  border-radius: 30px;
  padding: 5px 15px;
  display: -webkit-box;
  display: -webkit-flex;
  display: -ms-flexbox;
  display: flex;
  -webkit-box-pack: center;
  -webkit-justify-content: center;
  -ms-flex-pack: center;
  justify-content: center;
  -webkit-align-items: center;
  -webkit-box-align: center;
  -ms-flex-align: center;
  align-items: center;
  color: #fff;
}

<button
    aria-label="card-container"
    class="c0"
  >
    <img
      alt=""
      class="c1"
      src=""
    />
    <div
      class="c2"
    >
      <h2
        class="c3"
      />
      <span
        class="c4"
      />
    </div>
    <div
      class="c5"
    />
  </button>
</DocumentFragment>
`;
