// Jest Snapshot v1, https://goo.gl/fbAQLP

exports[`Pages - Favorite should render Favorite page correctly 1`] = `
<DocumentFragment>
  .c0 {
  -webkit-filter: blur(1px);
  filter: blur(1px);
  height: 100%;
  width: 100%;
  position: fixed;
  top: 0;
  left: 0;
  z-index: 1000;
  -webkit-backdrop-filter: blur(10px);
  backdrop-filter: blur(10px);
}

<div
    class="c0"
  />
  .c0 {
  position: fixed;
  top: 50%;
  left: 50%;
  -webkit-transform: translate(-50%,-50%);
  -ms-transform: translate(-50%,-50%);
  transform: translate(-50%,-50%);
  z-index: 1001;
}

.c2 {
  width: 100px;
  height: auto;
}

.c1 {
  width: 100%;
  display: -webkit-box;
  display: -webkit-flex;
  display: -ms-flexbox;
  display: flex;
  -webkit-box-pack: center;
  -webkit-justify-content: center;
  -ms-flex-pack: center;
  justify-content: center;
}

.c4 {
  width: 5rem;
  margin-top: 1rem;
  padding: 0.4rem 0.6rem;
  font-size: 1.2rem;
  border: none;
  border-radius: 20px;
  color: #fff;
  width: 100%;
  cursor: pointer;
}

.c3 {
  display: -webkit-box;
  display: -webkit-flex;
  display: -ms-flexbox;
  display: flex;
  -webkit-box-pack: center;
  -webkit-justify-content: center;
  -ms-flex-pack: center;
  justify-content: center;
  width: 100%;
}

<div
    class="c0"
  >
    <section
      class="login"
    >
      <div
        class="c1"
      >
        <img
          alt="logo"
          class="c2"
          src="wizeline-logo.png"
        />
      </div>
      <h1
        class=""
      >
        Welcome
      </h1>
      <form
        class="login-form"
      >
        <div
          class="form-group"
        >
          <label
            for="username"
          >
            <strong
              class=""
            >
              username 
            </strong>
            <input
              id="username"
              required=""
              type="text"
              value=""
            />
          </label>
        </div>
        <div
          class="form-group"
        >
          <label
            for="password"
          >
            <strong
              class=""
            >
              password 
            </strong>
            <input
              id="password"
              required=""
              type="password"
              value=""
            />
          </label>
        </div>
        <div
          class="c3"
        />
        <button
          class="c4"
          type="submit"
        >
          Log in
        </button>
      </form>
    </section>
  </div>
</DocumentFragment>
`;
