// Jest Snapshot v1, https://goo.gl/fbAQLP

exports[`Component - Header should render correctly inside button 1`] = `
<DocumentFragment>
  .c0 {
  position: fixed;
  top: 0;
  left: 0;
  width: 100%;
  height: 3rem;
  display: -webkit-box;
  display: -webkit-flex;
  display: -ms-flexbox;
  display: flex;
  -webkit-flex-direction: row;
  -ms-flex-direction: row;
  flex-direction: row;
  -webkit-align-items: center;
  -webkit-box-align: center;
  -ms-flex-align: center;
  align-items: center;
  -webkit-box-pack: justify;
  -webkit-justify-content: space-between;
  -ms-flex-pack: justify;
  justify-content: space-between;
  border-bottom: 1px solid #eaeaea;
}

.c2 {
  width: 30px;
  height: 30px;
  margin: 5px;
}

.c1 {
  display: -webkit-box;
  display: -webkit-flex;
  display: -ms-flexbox;
  display: flex;
  -webkit-flex-direction: row;
  -ms-flex-direction: row;
  flex-direction: row;
  -webkit-align-items: center;
  -webkit-box-align: center;
  -ms-flex-align: center;
  align-items: center;
  -webkit-box-pack: start;
  -webkit-justify-content: flex-start;
  -ms-flex-pack: start;
  justify-content: flex-start;
  cursor: pointer;
  -webkit-box-flex: 1;
  -webkit-flex-grow: 1;
  -ms-flex-positive: 1;
  flex-grow: 1;
}

.c3 {
  font-size: 1.3rem;
  margin: 0;
}

.c4 {
  -webkit-box-flex: 1;
  -webkit-flex-grow: 1;
  -ms-flex-positive: 1;
  flex-grow: 1;
}

.c12 {
  -webkit-box-flex: 1;
  -webkit-flex-grow: 1;
  -ms-flex-positive: 1;
  flex-grow: 1;
  margin-right: 5px;
  display: -webkit-box;
  display: -webkit-flex;
  display: -ms-flexbox;
  display: flex;
  -webkit-box-pack: end;
  -webkit-justify-content: flex-end;
  -ms-flex-pack: end;
  justify-content: flex-end;
  -webkit-align-items: center;
  -webkit-box-align: center;
  -ms-flex-align: center;
  align-items: center;
}

.c5 {
  display: -webkit-box;
  display: -webkit-flex;
  display: -ms-flexbox;
  display: flex;
  padding: 5px;
}

.c6 {
  display: -webkit-box;
  display: -webkit-flex;
  display: -ms-flexbox;
  display: flex;
  width: 100%;
}

.c7 {
  padding: 0 5px;
  display: -webkit-box;
  display: -webkit-flex;
  display: -ms-flexbox;
  display: flex;
  -webkit-box-pack: center;
  -webkit-justify-content: center;
  -ms-flex-pack: center;
  justify-content: center;
  -webkit-align-items: center;
  -webkit-box-align: center;
  -ms-flex-align: center;
  align-items: center;
}

.c9 {
  -webkit-box-flex: 1;
  -webkit-flex-grow: 1;
  -ms-flex-positive: 1;
  flex-grow: 1;
  margin-right: 1px;
}

.c10 {
  position: relative;
}

.c11 {
  padding: 5px 10px;
  margin: 2px;
  border: 2px solid transparent;
  background-color: transparent;
  height: 2rem;
  width: 100%;
  background-clip: padding-box;
  -webkit-appearance: none;
  -moz-appearance: none;
  appearance: none;
  font-family: 'Roobert',sans-serif;
  border-radius: 8px;
}

.c11:focus {
  outline: none;
}

.c13 {
  border-radius: 50%;
  height: 40px;
  width: 40px;
  display: -webkit-box;
  display: -webkit-flex;
  display: -ms-flexbox;
  display: flex;
  -webkit-box-pack: center;
  -webkit-justify-content: center;
  -ms-flex-pack: center;
  justify-content: center;
  -webkit-align-items: center;
  -webkit-box-align: center;
  -ms-flex-align: center;
  align-items: center;
  cursor: pointer;
}

.c8 {
  display: inline-block;
  width: 1.5rem;
  height: 1.5rem;
  font-size: 1.5rem;
  -webkit-user-select: none;
  -moz-user-select: none;
  -ms-user-select: none;
  user-select: none;
  -webkit-flex-shrink: 0;
  -ms-flex-negative: 0;
  flex-shrink: 0;
}

.c14 {
  display: inline-block;
  color: #fff;
  width: 1.5rem;
  height: 1.5rem;
  fill: #fff;
  font-size: 1.5rem;
  -webkit-user-select: none;
  -moz-user-select: none;
  -ms-user-select: none;
  user-select: none;
  -webkit-flex-shrink: 0;
  -ms-flex-negative: 0;
  flex-shrink: 0;
}

<nav
    class="c0"
  >
    <div
      aria-label="logo-container"
      class="c1"
    >
      <img
        alt="logo"
        class="c2"
        src="wizeline-logo.png"
      />
      <h2
        class="c3"
      >
        Wizevideo
      </h2>
    </div>
    <div
      class="c4"
    >
      <div
        class="c5"
      >
        <div
          class="c6"
        >
          <div
            class="c7"
          >
            <svg
              class="c8"
              focusable="false"
              viewBox="0 0 24 24"
            >
              <path
                d="M15.5 14h-.79l-.28-.27C15.41 12.59 16 11.11 16 9.5 16 5.91 13.09 3 9.5 3S3 5.91 3 9.5 5.91 16 9.5 16c1.61 0 3.09-.59 4.23-1.57l.27.28v.79l5 4.99L20.49 19l-4.99-5zm-6 0C7.01 14 5 11.99 5 9.5S7.01 5 9.5 5 14 7.01 14 9.5 11.99 14 9.5 14z"
              />
            </svg>
          </div>
          <div
            class="c9"
          >
            <div
              class="c10"
            >
              <input
                class="c11"
                placeholder="Buscar"
                type="text"
                value=""
              />
            </div>
          </div>
        </div>
      </div>
    </div>
    <div
      class="c12"
    >
      <div
        class="c13"
      >
        <svg
          class="c14"
          color="white"
          focusable="false"
          viewBox="0 0 24 24"
        >
          <path
            d="M0 0h24v24H0V0z"
            fill="none"
          />
          <path
            d="M0 0h24v24H0V0z"
            fill="none"
          />
          <circle
            cx="15.5"
            cy="9.5"
            r="1.5"
          />
          <circle
            cx="8.5"
            cy="9.5"
            r="1.5"
          />
          <circle
            cx="15.5"
            cy="9.5"
            r="1.5"
          />
          <circle
            cx="8.5"
            cy="9.5"
            r="1.5"
          />
          <path
            d="M11.99 2C6.47 2 2 6.48 2 12s4.47 10 9.99 10C17.52 22 22 17.52 22 12S17.52 2 11.99 2zM12 20c-4.42 0-8-3.58-8-8s3.58-8 8-8 8 3.58 8 8-3.58 8-8 8zm0-2.5c2.33 0 4.32-1.45 5.12-3.5h-1.67c-.69 1.19-1.97 2-3.45 2s-2.75-.81-3.45-2H6.88c.8 2.05 2.79 3.5 5.12 3.5z"
          />
        </svg>
      </div>
    </div>
  </nav>
</DocumentFragment>
`;
