// Jest Snapshot v1, https://goo.gl/fbAQLP

exports[`Avatar should render correctly inside button: input 1`] = `"DIV"`;
