// Jest Snapshot v1, https://goo.gl/fbAQLP

exports[`Avatar should render correctly inside div: div 1`] = `"DIV"`;
